  Setting up a new grid
  0   0   0   0
  0   0   0   0
  0   0   0   0
  0   0   0   0
->put_number(2,1,1)
  Error: Game not yet started
  0   0   0   0
  0   0   0   0
  0   0   0   0
  0   0   0   0
