  Setting up a new grid
  0   0   0   0
  0   0   0   0
  0   0   0   0
  0   0   0   0
->set_number(3,2,1)
  Setting up a new grid
  0   0   0   0
  3   0   0   0
  0   0   0   0
  0   0   0   0
->set_number(2,5,0)
  Error: Invalid row number
  0   0   0   0
  3   0   0   0
  0   0   0   0
  0   0   0   0
->set_number(2,0,5)
  Error: Invalid row number
  0   0   0   0
  3   0   0   0
  0   0   0   0
  0   0   0   0
