  Setting up a new grid
  0   0   0   0
  0   0   0   0
  0   0   0   0
  0   0   0   0
->set_number(3,2,1)
  Setting up a new grid
  0   0   0   0
  3   0   0   0
  0   0   0   0
  0   0   0   0
->set_number(5,5,1)
  Error: Invalid row number
  0   0   0   0
  3   0   0   0
  0   0   0   0
  0   0   0   0
->set_number(0,0,1)
  Error: Invalid row number
  0   0   0   0
  3   0   0   0
  0   0   0   0
  0   0   0   0
->set_number(5,5,5)
  Error: Invalid row number
  0   0   0   0
  3   0   0   0
  0   0   0   0
  0   0   0   0
->set_number(0,0,0)
  Error: Invalid row number
  0   0   0   0
  3   0   0   0
  0   0   0   0
  0   0   0   0
->set_number(5,2,5)
  Error: Invalid column number
  0   0   0   0
  3   0   0   0
  0   0   0   0
  0   0   0   0
->set_number(0,2,0)
  Error: Invalid column number
  0   0   0   0
  3   0   0   0
  0   0   0   0
  0   0   0   0
->set_number(5,2,1)
  Error: Cell already filled
  0   0   0   0
  3   0   0   0
  0   0   0   0
  0   0   0   0
->set_number(0,2,1)
  Error: Cell already filled
  0   0   0   0
  3   0   0   0
  0   0   0   0
  0   0   0   0
