  Setting up a new grid
  0   0   0   0
  0   0   0   0
  0   0   0   0
  0   0   0   0
->set_number(3,2,1)
  Setting up a new grid
  0   0   0   0
  3   0   0   0
  0   0   0   0
  0   0   0   0
->set_number(2,2,2)
  Setting up a new grid
  0   0   0   0
  3   2   0   0
  0   0   0   0
  0   0   0   0
->set_number(1,3,3)
  Setting up a new grid
  0   0   0   0
  3   2   0   0
  0   0   1   0
  0   0   0   0
->set_number(3,3,4)
  Setting up a new grid
  0   0   0   0
  3   2   0   0
  0   0   1   3
  0   0   0   0
->set_number(3,2,4)
  Error: Number already exists in row
  0   0   0   0
  3   2   0   0
  0   0   1   3
  0   0   0   0
