  Setting up a new grid
  0   0   0   0
  0   0   0   0
  0   0   0   0
  0   0   0   0
->set_number(4,1,1)
  Setting up a new grid
  4   0   0   0
  0   0   0   0
  0   0   0   0
  0   0   0   0
->set_number(3,2,2)
  Setting up a new grid
  4   0   0   0
  0   3   0   0
  0   0   0   0
  0   0   0   0
->set_number(1,4,2)
  Setting up a new grid
  4   0   0   0
  0   3   0   0
  0   0   0   0
  0   1   0   0
->set_number(1,1,3)
  Setting up a new grid
  4   0   1   0
  0   3   0   0
  0   0   0   0
  0   1   0   0
->set_number(3,3,3)
  Setting up a new grid
  4   0   1   0
  0   3   0   0
  0   0   3   0
  0   1   0   0
->set_number(4,4,4)
  Setting up a new grid
  4   0   1   0
  0   3   0   0
  0   0   3   0
  0   1   0   4
->start_game
  Current game is over: No
  4   0   1   0
  0   3   0   0
  0   0   3   0
  0   1   0   4
->put_number(2,1,2)
  Current game is over: No
  4   2   1   0
  0   3   0   0
  0   0   3   0
  0   1   0   4
->put_number(4,3,2)
  Current game is over: No
  4   2   1   0
  0   3   0   0
  0   4   3   0
  0   1   0   4
->put_number(3,4,1)
  Current game is over: No
  4   2   1   0
  0   3   0   0
  0   4   3   0
  3   1   0   4
->put_number(1,2,1)
  Current game is over: No
  4   2   1   0
  1   3   0   0
  0   4   3   0
  3   1   0   4
->put_number(2,3,1)
  Current game is over: No
  4   2   1   0
  1   3   0   0
  2   4   3   0
  3   1   0   4
->put_number(4,2,3)
  Current game is over: No
  4   2   1   0
  1   3   4   0
  2   4   3   0
  3   1   0   4
->put_number(2,4,3)
  Current game is over: No
  4   2   1   0
  1   3   4   0
  2   4   3   0
  3   1   2   4
->put_number(1,3,4)
  Current game is over: No
  4   2   1   0
  1   3   4   0
  2   4   3   1
  3   1   2   4
->put_number(3,1,4)
  Current game is over: No
  4   2   1   3
  1   3   4   0
  2   4   3   1
  3   1   2   4
->put_number(2,2,4)
  Current game is over: Yes
  4   2   1   3
  1   3   4   2
  2   4   3   1
  3   1   2   4
->restart_game
  Setting up a new grid
  0   0   0   0
  0   0   0   0
  0   0   0   0
  0   0   0   0
