  Setting up a new grid
  0   0   0   0
  0   0   0   0
  0   0   0   0
  0   0   0   0
->set_number(3,2,1)
  Setting up a new grid
  0   0   0   0
  3   0   0   0
  0   0   0   0
  0   0   0   0
->set_number(2,2,2)
  Setting up a new grid
  0   0   0   0
  3   2   0   0
  0   0   0   0
  0   0   0   0
->start_game
  Current game is over: No
  0   0   0   0
  3   2   0   0
  0   0   0   0
  0   0   0   0
->put_number(1,3,3)
  Current game is over: No
  0   0   0   0
  3   2   0   0
  0   0   1   0
  0   0   0   0
->put_number(3,3,4)
  Current game is over: No
  0   0   0   0
  3   2   0   0
  0   0   1   3
  0   0   0   0
->restart_game
  Setting up a new grid
  0   0   0   0
  0   0   0   0
  0   0   0   0
  0   0   0   0
->put_number(4,2,3)
  Error: Game not yet started
  0   0   0   0
  0   0   0   0
  0   0   0   0
  0   0   0   0
->set_number(4,2,3)
  Setting up a new grid
  0   0   0   0
  0   0   4   0
  0   0   0   0
  0   0   0   0
->undo
  Setting up a new grid
  0   0   0   0
  0   0   0   0
  0   0   0   0
  0   0   0   0
->undo
  Error: Nothing to undo
  0   0   0   0
  0   0   0   0
  0   0   0   0
  0   0   0   0
->redo
  Setting up a new grid
  0   0   0   0
  0   0   4   0
  0   0   0   0
  0   0   0   0
->redo
  Error: Nothing to redo
  0   0   0   0
  0   0   4   0
  0   0   0   0
  0   0   0   0
