  Setting up a new grid
  0   0   0   0
  0   0   0   0
  0   0   0   0
  0   0   0   0
->set_number(4,1,1)
  Setting up a new grid
  4   0   0   0
  0   0   0   0
  0   0   0   0
  0   0   0   0
->set_number(3,2,2)
  Setting up a new grid
  4   0   0   0
  0   3   0   0
  0   0   0   0
  0   0   0   0
->set_number(1,4,2)
  Setting up a new grid
  4   0   0   0
  0   3   0   0
  0   0   0   0
  0   1   0   0
->set_number(1,1,3)
  Setting up a new grid
  4   0   1   0
  0   3   0   0
  0   0   0   0
  0   1   0   0
->set_number(3,3,3)
  Setting up a new grid
  4   0   1   0
  0   3   0   0
  0   0   3   0
  0   1   0   0
->set_number(4,4,4)
  Setting up a new grid
  4   0   1   0
  0   3   0   0
  0   0   3   0
  0   1   0   4
->undo
  Setting up a new grid
  4   0   1   0
  0   3   0   0
  0   0   3   0
  0   1   0   0
->undo
  Setting up a new grid
  4   0   1   0
  0   3   0   0
  0   0   0   0
  0   1   0   0
->undo
  Setting up a new grid
  4   0   0   0
  0   3   0   0
  0   0   0   0
  0   1   0   0
->set_number(3,1,4)
  Setting up a new grid
  4   0   0   3
  0   3   0   0
  0   0   0   0
  0   1   0   0
->set_number(2,2,3)
  Setting up a new grid
  4   0   0   3
  0   3   2   0
  0   0   0   0
  0   1   0   0
->redo
  Error: Nothing to redo
  4   0   0   3
  0   3   2   0
  0   0   0   0
  0   1   0   0
->undo
  Setting up a new grid
  4   0   0   3
  0   3   0   0
  0   0   0   0
  0   1   0   0
->undo
  Setting up a new grid
  4   0   0   0
  0   3   0   0
  0   0   0   0
  0   1   0   0
->undo
  Setting up a new grid
  4   0   0   0
  0   3   0   0
  0   0   0   0
  0   0   0   0
->undo
  Setting up a new grid
  4   0   0   0
  0   0   0   0
  0   0   0   0
  0   0   0   0
->undo
  Setting up a new grid
  0   0   0   0
  0   0   0   0
  0   0   0   0
  0   0   0   0
->undo
  Error: Nothing to undo
  0   0   0   0
  0   0   0   0
  0   0   0   0
  0   0   0   0
->redo
  Setting up a new grid
  4   0   0   0
  0   0   0   0
  0   0   0   0
  0   0   0   0
->redo
  Setting up a new grid
  4   0   0   0
  0   3   0   0
  0   0   0   0
  0   0   0   0
->redo
  Setting up a new grid
  4   0   0   0
  0   3   0   0
  0   0   0   0
  0   1   0   0
->redo
  Setting up a new grid
  4   0   0   3
  0   3   0   0
  0   0   0   0
  0   1   0   0
->redo
  Setting up a new grid
  4   0   0   3
  0   3   2   0
  0   0   0   0
  0   1   0   0
->redo
  Error: Nothing to redo
  4   0   0   3
  0   3   2   0
  0   0   0   0
  0   1   0   0
