  Expression currently specified: ?
  Report: Expression is initialized.
->restart
  Expression currently specified: ?
  Report: Error (Initial expression cannot be reset).
->quotient
  Expression currently specified: (? / nil)
  Report: OK.
->analyze
  Expression currently specified: (? / nil)
  Report: Error (Expression is not yet fully specified).
->simplify
  Expression currently specified: (? / nil)
  Report: Error (Expression is not yet fully specified).
->restart
  Expression currently specified: ?
  Report: OK.
->quotient
  Expression currently specified: (? / nil)
  Report: OK.
->int_value(5)
  Expression currently specified: (5 / ?)
  Report: OK.
->int_value(2)
  Expression currently specified: (5 / 2)
  Report: OK.
->analyze
  Expression currently specified: (5 / 2)
  Report: (5 / 2) is type-correct.
->simplify
  Expression currently specified: (5 / 2)
  Report: 2
