  Expression currently specified: ?
  Report: Expression is initialized.
->forall
  Expression currently specified: (&& ?)
  Report: OK.
->start_of_set_enumeration
  Expression currently specified: (&& {?})
  Report: OK.
->conjunction
  Expression currently specified: (&& {(? && nil)})
  Report: OK.
->bool_value(True)
  Expression currently specified: (&& {(True && ?)})
  Report: OK.
->bool_value(True)
  Expression currently specified: (&& {(True && True), ?})
  Report: OK.
->disjunction
  Expression currently specified: (&& {(True && True), (? || nil)})
  Report: OK.
->bool_value(True)
  Expression currently specified: (&& {(True && True), (True || ?)})
  Report: OK.
->bool_value(False)
  Expression currently specified: (&& {(True && True), (True || False), ?})
  Report: OK.
->exclusive_or
  Expression currently specified: (&& {(True && True), (True || False), (? xor nil)})
  Report: OK.
->bool_value(True)
  Expression currently specified: (&& {(True && True), (True || False), (True xor ?)})
  Report: OK.
->bool_value(True)
  Expression currently specified: (&& {(True && True), (True || False), (True xor True), ?})
  Report: OK.
->end_of_set_enumeration
  Expression currently specified: (&& {(True && True), (True || False), (True xor True)})
  Report: OK.
->analyze
  Expression currently specified: (&& {(True && True), (True || False), (True xor True)})
  Report: (&& {(True && True), (True || False), (True xor True)}) is type-correct.
->simplify
  Expression currently specified: (&& {(True && True), (True || False), (True xor True)})
  Report: False
